// Jest Snapshot v1, https://goo.gl/fbAQLP

exports[`<Field /> - Component renders correctly 1`] = `
<DocumentFragment>
  <div
    class="FormRow"
  >
    <label
      class="FormRowLabel"
      for="name"
    >
      Name
    </label>
    <input
      autocomplete="name"
      class="FormRowInput"
      id="name"
      placeholder="Jane Doe"
      required=""
      type="text"
      value="Jane Doe"
    />
  </div>
</DocumentFragment>
`;
