// Jest Snapshot v1, https://goo.gl/fbAQLP

exports[`<CardField /> - Component renders correctly 1`] = `
<DocumentFragment>
  <div
    class="FormRow"
  >
    <div />
  </div>
</DocumentFragment>
`;

exports[`<CardField /> - Services renders correctly 1`] = `
<DocumentFragment>
  <div
    class="FormRow"
  >
    <div />
  </div>
</DocumentFragment>
`;
